python : test_deep_eval
uation (unittest.loader
._FailedTest) ... ERROR
At line:1 char:1
+ python -c "
+ ~~~~~~~~~~~
    + CategoryInfo     
         : NotSpecifi  
  ed: (test_deep_eva   
 lu...Test) ... ERR    
OR:String) [], Rem    o
teException
    + FullyQualifiedEr 
   rorId : NativeComm  
  andError
 
test_basic_transaction 
(test_stm.TestAtomixSTM
) ... [2026-03-03 18:41
:16,877] Atomix [INFO] 
STM Reaper started
[2026-03-03 18:41:16,87
7] Atomix [INFO] Transa
ctionCoordinator initia
lized
ERROR
test_conflict_resolutio
n (test_stm.TestAtomixS
TM) ... Exception in th
read Thread-2 (t2_threa
d):
Traceback (most recent 
call last):
  File "C:\Users\JimBra
s\AppData\Local\Program
s\Python\Python310\lib\
threading.py", line 101
6, in _bootstrap_inner
    self.run()
  File "C:\Users\JimBra
s\AppData\Local\Program
s\Python\Python310\lib\
threading.py", line 953
, in run
    self._target(*self.
_args, **self._kwargs)
  File "C:\Users\JimBra
s\Downloads\Atomix\test
s\test_stm.py", line 32
, in t2_thread
    logic()
  File "C:\Users\JimBra
s\Downloads\Atomix\Atom
ix.py", line 2528, in w
rapper
    with transaction(ti
meout=timeout, max_retr
ies=max_retries):
  File "C:\Users\JimBra
s\AppData\Local\Program
s\Python\Python310\lib\
contextlib.py", line 14
2, in __exit__
    next(self.gen)
  File "C:\Users\JimBra
s\Downloads\Atomix\Atom
ix.py", line 2483, in t
ransaction
    with tx:
  File "C:\Users\JimBra
s\Downloads\Atomix\Atom
ix.py", line 1299, in _
_exit__
    self._commit()
  File "C:\Users\JimBra
s\Downloads\Atomix\Atom
ix.py", line 1192, in _
commit
    raise CommitExcepti
on(f"Dangling reference
 detected: {ref_id}")
Atomix.CommitException:
 Dangling reference det
ected: 3
Exception in thread Thr
ead-1 (t1_thread):
Traceback (most recent 
call last):
  File "C:\Users\JimBra
s\AppData\Local\Program
s\Python\Python310\lib\
threading.py", line 101
6, in _bootstrap_inner
    self.run()
  File "C:\Users\JimBra
s\AppData\Local\Program
s\Python\Python310\lib\
threading.py", line 953
, in run
    self._target(*self.
_args, **self._kwargs)
  File "C:\Users\JimBra
s\Downloads\Atomix\test
s\test_stm.py", line 24
, in t1_thread
    logic()
  File "C:\Users\JimBra
s\Downloads\Atomix\Atom
ix.py", line 2528, in w
rapper
    with transaction(ti
meout=timeout, max_retr
ies=max_retries):
  File "C:\Users\JimBra
s\AppData\Local\Program
s\Python\Python310\lib\
contextlib.py", line 14
2, in __exit__
    next(self.gen)
  File "C:\Users\JimBra
s\Downloads\Atomix\Atom
ix.py", line 2483, in t
ransaction
    with tx:
  File "C:\Users\JimBra
s\Downloads\Atomix\Atom
ix.py", line 1299, in _
_exit__
    self._commit()
  File "C:\Users\JimBra
s\Downloads\Atomix\Atom
ix.py", line 1192, in _
commit
    raise CommitExcepti
on(f"Dangling reference
 detected: {ref_id}")
Atomix.CommitException:
 Dangling reference det
ected: 3
ERROR
test_persistent_vector_
bloat_fix (test_stm.Tes
tAtomixSTM) ... ERROR
test_queue_retry (test_
stm.TestAtomixSTM) ... 
Exception in thread Thr
ead-3 (consumer):
Traceback (most recent 
call last):
  File "C:\Users\JimBra
s\AppData\Local\Program
s\Python\Python310\lib\
threading.py", line 101
6, in _bootstrap_inner
    self.run()
  File "C:\Users\JimBra
s\AppData\Local\Program
s\Python\Python310\lib\
threading.py", line 953
, in run
    self._target(*self.
_args, **self._kwargs)
  File "C:\Users\JimBra
s\Downloads\Atomix\test
s\test_stm.py", line 61
, in consumer
    val = q.get(timeout
=10.0)
  File "C:\Users\JimBra
s\Downloads\Atomix\Atom
ix.py", line 2294, in g
et
    is_ready, result = 
_do_get()
  File "C:\Users\JimBra
s\Downloads\Atomix\Atom
ix.py", line 2528, in w
rapper
    with transaction(ti
meout=timeout, max_retr
ies=max_retries):
  File "C:\Users\JimBra
s\AppData\Local\Program
s\Python\Python310\lib\
contextlib.py", line 14
2, in __exit__
    next(self.gen)
  File "C:\Users\JimBra
s\Downloads\Atomix\Atom
ix.py", line 2483, in t
ransaction
    with tx:
  File "C:\Users\JimBra
s\Downloads\Atomix\Atom
ix.py", line 1299, in _
_exit__
    self._commit()
  File "C:\Users\JimBra
s\Downloads\Atomix\Atom
ix.py", line 1192, in _
commit
    raise CommitExcepti
on(f"Dangling reference
 detected: {ref_id}")
Atomix.CommitException:
 Dangling reference det
ected: 5
ERROR
test_aba_prevention (te
st_stm_advanced.TestSTM
Avanced)
Verify that ABA-style c
hanges during a transac
tion cause a retry. ...
 Exception in thread Th
read-4 (long_tx):
Traceback (most recent 
call last):
  File "C:\Users\JimBra
s\AppData\Local\Program
s\Python\Python310\lib\
threading.py", line 101
6, in _bootstrap_inner
    self.run()
  File "C:\Users\JimBra
s\AppData\Local\Program
s\Python\Python310\lib\
threading.py", line 953
, in run
    self._target(*self.
_args, **self._kwargs)
  File "C:\Users\JimBra
s\Downloads\Atomix\Atom
ix.py", line 2528, in w
rapper
    with transaction(ti
meout=timeout, max_retr
ies=max_retries):
  File "C:\Users\JimBra
s\AppData\Local\Program
s\Python\Python310\lib\
contextlib.py", line 14
2, in __exit__
    next(self.gen)
  File "C:\Users\JimBra
s\Downloads\Atomix\Atom
ix.py", line 2483, in t
ransaction
    with tx:
  File "C:\Users\JimBra
s\Downloads\Atomix\Atom
ix.py", line 1299, in _
_exit__
    self._commit()
  File "C:\Users\JimBra
s\Downloads\Atomix\Atom
ix.py", line 1192, in _
commit
    raise CommitExcepti
on(f"Dangling reference
 detected: {ref_id}")
Atomix.CommitException:
 Dangling reference det
ected: 7
ERROR
test_high_contention_st
ress (test_stm_advanced
.TestSTMAvanced)
Stress test with 20 thr
eads hitting a single R
ef. ... Exception in th
read Thread-6 (worker):
Traceback (most recent 
call last):
  File "C:\Users\JimBra
s\AppData\Local\Program
s\Python\Python310\lib\
threading.py", line 101
6, in _bootstrap_inner
Exception in thread Thr
ead-7 (worker):
Traceback (most recent 
call last):
  File "C:\Users\JimBra
s\AppData\Local\Program
s\Python\Python310\lib\
threading.py", line 101
6, in _bootstrap_inner
Exception in thread Thr
ead-8 (worker):
Traceback (most recent 
call last):
  File "C:\Users\JimBra
s\AppData\Local\Program
s\Python\Python310\lib\
threading.py", line 101
6, in _bootstrap_inner
Exception in thread Thr
ead-9 (worker):
Traceback (most recent 
call last):
  File "C:\Users\JimBra
s\AppData\Local\Program
s\Python\Python310\lib\
threading.py", line 101
6, in _bootstrap_inner
    self.run()
Exception in thread Thr
ead-10 (worker):
Traceback (most recent 
call last):
  File "C:\Users\JimBra
s\AppData\Local\Program
s\Python\Python310\lib\
threading.py", line 953
, in run
Exception in thread Thr
ead-11 (worker):
Traceback (most recent 
call last):
  File "C:\Users\JimBra
s\AppData\Local\Program
s\Python\Python310\lib\
threading.py", line 101
6, in _bootstrap_inner
Exception in thread Thr
ead-12 (worker):
Traceback (most recent 
call last):
    self.run()
Exception in thread Thr
ead-13 (worker):
  File "C:\Users\JimBra
s\AppData\Local\Program
s\Python\Python310\lib\
threading.py", line 101
6, in _bootstrap_inner
Exception in thread Thr
ead-14 (worker):
Traceback (most recent 
call last):
  File "C:\Users\JimBra
s\AppData\Local\Program
s\Python\Python310\lib\
threading.py", line 953
, in run
Traceback (most recent 
call last):
  File "C:\Users\JimBra
s\AppData\Local\Program
s\Python\Python310\lib\
threading.py", line 101
6, in _bootstrap_inner
    self._target(*self.
_args, **self._kwargs)
    self.run()
  File "C:\Users\JimBra
s\AppData\Local\Program
s\Python\Python310\lib\
threading.py", line 953
, in run
  File "C:\Users\JimBra
s\AppData\Local\Program
s\Python\Python310\lib\
threading.py", line 101
6, in _bootstrap_inner
    self.run()
  File "C:\Users\JimBra
s\AppData\Local\Program
s\Python\Python310\lib\
threading.py", line 953
, in run
Exception in thread Thr
ead-16 (worker):
  File "C:\Users\JimBra
s\Downloads\Atomix\test
s\test_stm_advanced.py"
, line 71, in worker
    self.run()
Exception in thread Thr
ead-15 (worker):
Traceback (most recent 
call last):
Exception in thread Thr
ead-18 (worker):
Traceback (most recent 
call last):
Exception in thread Thr
ead-19 (worker):
Traceback (most recent 
call last):
    self.run()
  File "C:\Users\JimBra
s\AppData\Local\Program
s\Python\Python310\lib\
threading.py", line 953
, in run
  File "C:\Users\JimBra
s\AppData\Local\Program
s\Python\Python310\lib\
threading.py", line 101
6, in _bootstrap_inner
Exception in thread Thr
ead-20 (worker):
Traceback (most recent 
call last):
    inc()
  File "C:\Users\JimBra
s\Downloads\Atomix\Atom
ix.py", line 2528, in w
rapper
  File "C:\Users\JimBra
s\AppData\Local\Program
s\Python\Python310\lib\
threading.py", line 101
6, in _bootstrap_inner
Exception in thread Thr
ead-21 (worker):
  File "C:\Users\JimBra
s\AppData\Local\Program
s\Python\Python310\lib\
threading.py", line 953
, in run
Exception in thread Thr
ead-22 (worker):
Traceback (most recent 
call last):
  File "C:\Users\JimBra
s\AppData\Local\Program
s\Python\Python310\lib\
threading.py", line 101
6, in _bootstrap_inner
  File "C:\Users\JimBra
s\AppData\Local\Program
s\Python\Python310\lib\
threading.py", line 101
6, in _bootstrap_inner
    self.run()
Traceback (most recent 
call last):
  File "C:\Users\JimBra
s\AppData\Local\Program
s\Python\Python310\lib\
threading.py", line 101
6, in _bootstrap_inner
Exception in thread Thr
ead-17 (worker):
Exception in thread Thr
ead-24 (worker):
Traceback (most recent 
call last):
  File "C:\Users\JimBra
s\AppData\Local\Program
s\Python\Python310\lib\
threading.py", line 101
6, in _bootstrap_inner
Exception in thread Thr
ead-23 (worker):
    self._target(*self.
_args, **self._kwargs)
  File "C:\Users\JimBra
s\Downloads\Atomix\test
s\test_stm_advanced.py"
, line 71, in worker
  File "C:\Users\JimBra
s\AppData\Local\Program
s\Python\Python310\lib\
threading.py", line 953
, in run
Traceback (most recent 
call last):
    self._target(*self.
_args, **self._kwargs)
  File "C:\Users\JimBra
s\AppData\Local\Program
s\Python\Python310\lib\
threading.py", line 101
6, in _bootstrap_inner
    self.run()
Traceback (most recent 
call last):
  File "C:\Users\JimBra
s\AppData\Local\Program
s\Python\Python310\lib\
threading.py", line 101
6, in _bootstrap_inner
    self.run()
    self._target(*self.
_args, **self._kwargs)
  File "C:\Users\JimBra
s\Downloads\Atomix\test
s\test_stm_advanced.py"
, line 71, in worker
    self._target(*self.
_args, **self._kwargs)
  File "C:\Users\JimBra
s\Downloads\Atomix\test
s\test_stm_advanced.py"
, line 71, in worker
    self.run()
  File "C:\Users\JimBra
s\AppData\Local\Program
s\Python\Python310\lib\
threading.py", line 953
, in run
    self._target(*self.
_args, **self._kwargs)
  File "C:\Users\JimBra
s\AppData\Local\Program
s\Python\Python310\lib\
threading.py", line 101
6, in _bootstrap_inner
  File "C:\Users\JimBra
s\AppData\Local\Program
s\Python\Python310\lib\
threading.py", line 953
, in run
Traceback (most recent 
call last):
  File "C:\Users\JimBra
s\AppData\Local\Program
s\Python\Python310\lib\
threading.py", line 101
6, in _bootstrap_inner
    self.run()
  File "C:\Users\JimBra
s\AppData\Local\Program
s\Python\Python310\lib\
threading.py", line 953
, in run
    self._target(*self.
_args, **self._kwargs)
  File "C:\Users\JimBra
s\Downloads\Atomix\test
s\test_stm_advanced.py"
, line 71, in worker
    self.run()
    self.run()
    self.run()
Exception in thread Thr
ead-25 (worker):
Traceback (most recent 
call last):
  File "C:\Users\JimBra
s\AppData\Local\Program
s\Python\Python310\lib\
threading.py", line 101
6, in _bootstrap_inner
    inc()
  File "C:\Users\JimBra
s\Downloads\Atomix\Atom
ix.py", line 2528, in w
rapper
    self._target(*self.
_args, **self._kwargs)
    inc()
  File "C:\Users\JimBra
s\Downloads\Atomix\Atom
ix.py", line 2528, in w
rapper
  File "C:\Users\JimBra
s\Downloads\Atomix\test
s\test_stm_advanced.py"
, line 71, in worker
    self.run()
  File "C:\Users\JimBra
s\AppData\Local\Program
s\Python\Python310\lib\
threading.py", line 953
, in run
  File "C:\Users\JimBra
s\AppData\Local\Program
s\Python\Python310\lib\
threading.py", line 101
6, in _bootstrap_inner
  File "C:\Users\JimBra
s\Downloads\Atomix\test
s\test_stm_advanced.py"
, line 71, in worker
  File "C:\Users\JimBra
s\AppData\Local\Program
s\Python\Python310\lib\
threading.py", line 953
, in run
  File "C:\Users\JimBra
s\AppData\Local\Program
s\Python\Python310\lib\
threading.py", line 953
, in run
  File "C:\Users\JimBra
s\AppData\Local\Program
s\Python\Python310\lib\
threading.py", line 953
, in run
    self.run()
    inc()
    with transaction(ti
meout=timeout, max_retr
ies=max_retries):
  File "C:\Users\JimBra
s\AppData\Local\Program
s\Python\Python310\lib\
contextlib.py", line 14
2, in __exit__
    self.run()
    self.run()
  File "C:\Users\JimBra
s\AppData\Local\Program
s\Python\Python310\lib\
threading.py", line 953
, in run
    self._target(*self.
_args, **self._kwargs)
  File "C:\Users\JimBra
s\Downloads\Atomix\test
s\test_stm_advanced.py"
, line 71, in worker
  File "C:\Users\JimBra
s\Downloads\Atomix\test
s\test_stm_advanced.py"
, line 71, in worker
    self._target(*self.
_args, **self._kwargs)
  File "C:\Users\JimBra
s\Downloads\Atomix\test
s\test_stm_advanced.py"
, line 71, in worker
    with transaction(ti
meout=timeout, max_retr
ies=max_retries):
  File "C:\Users\JimBra
s\AppData\Local\Program
s\Python\Python310\lib\
contextlib.py", line 14
2, in __exit__
    inc()
  File "C:\Users\JimBra
s\Downloads\Atomix\Atom
ix.py", line 2528, in w
rapper
    self._target(*self.
_args, **self._kwargs)
    inc()
  File "C:\Users\JimBra
s\Downloads\Atomix\Atom
ix.py", line 2528, in w
rapper
    with transaction(ti
meout=timeout, max_retr
ies=max_retries):
  File "C:\Users\JimBra
s\AppData\Local\Program
s\Python\Python310\lib\
contextlib.py", line 14
2, in __exit__
    self.run()
    self._target(*self.
_args, **self._kwargs)
  File "C:\Users\JimBra
s\AppData\Local\Program
s\Python\Python310\lib\
threading.py", line 953
, in run
    inc()
  File "C:\Users\JimBra
s\AppData\Local\Program
s\Python\Python310\lib\
threading.py", line 953
, in run
  File "C:\Users\JimBra
s\Downloads\Atomix\test
s\test_stm_advanced.py"
, line 71, in worker
    next(self.gen)
    inc()
  File "C:\Users\JimBra
s\Downloads\Atomix\Atom
ix.py", line 2528, in w
rapper
  File "C:\Users\JimBra
s\AppData\Local\Program
s\Python\Python310\lib\
threading.py", line 953
, in run
  File "C:\Users\JimBra
s\Downloads\Atomix\test
s\test_stm_advanced.py"
, line 71, in worker
    next(self.gen)
  File "C:\Users\JimBra
s\Downloads\Atomix\Atom
ix.py", line 2483, in t
ransaction
  File "C:\Users\JimBra
s\Downloads\Atomix\Atom
ix.py", line 2528, in w
rapper
  File "C:\Users\JimBra
s\AppData\Local\Program
s\Python\Python310\lib\
threading.py", line 953
, in run
  File "C:\Users\JimBra
s\Downloads\Atomix\Atom
ix.py", line 2483, in t
ransaction
  File "C:\Users\JimBra
s\Downloads\Atomix\Atom
ix.py", line 2528, in w
rapper
    inc()
    self._target(*self.
_args, **self._kwargs)
    self._target(*self.
_args, **self._kwargs)
    next(self.gen)
  File "C:\Users\JimBra
s\Downloads\Atomix\Atom
ix.py", line 2483, in t
ransaction
    inc()
  File "C:\Users\JimBra
s\Downloads\Atomix\Atom
ix.py", line 2528, in w
rapper
    self._target(*self.
_args, **self._kwargs)
    self.run()
  File "C:\Users\JimBra
s\AppData\Local\Program
s\Python\Python310\lib\
threading.py", line 953
, in run
    with transaction(ti
meout=timeout, max_retr
ies=max_retries):
    with transaction(ti
meout=timeout, max_retr
ies=max_retries):
  File "C:\Users\JimBra
s\AppData\Local\Program
s\Python\Python310\lib\
contextlib.py", line 14
2, in __exit__
    with transaction(ti
meout=timeout, max_retr
ies=max_retries):
  File "C:\Users\JimBra
s\AppData\Local\Program
s\Python\Python310\lib\
contextlib.py", line 14
2, in __exit__
    with tx:
    inc()
    self._target(*self.
_args, **self._kwargs)
    self._target(*self.
_args, **self._kwargs)
  File "C:\Users\JimBra
s\Downloads\Atomix\test
s\test_stm_advanced.py"
, line 71, in worker
    inc()
  File "C:\Users\JimBra
s\Downloads\Atomix\Atom
ix.py", line 2528, in w
rapper
  File "C:\Users\JimBra
s\Downloads\Atomix\test
s\test_stm_advanced.py"
, line 71, in worker
    with tx:
  File "C:\Users\JimBra
s\Downloads\Atomix\Atom
ix.py", line 1299, in _
_exit__
    with transaction(ti
meout=timeout, max_retr
ies=max_retries):
  File "C:\Users\JimBra
s\AppData\Local\Program
s\Python\Python310\lib\
contextlib.py", line 14
2, in __exit__
  File "C:\Users\JimBra
s\Downloads\Atomix\Atom
ix.py", line 2528, in w
rapper
  File "C:\Users\JimBra
s\Downloads\Atomix\test
s\test_stm_advanced.py"
, line 71, in worker
  File "C:\Users\JimBra
s\AppData\Local\Program
s\Python\Python310\lib\
contextlib.py", line 14
2, in __exit__
    self._target(*self.
_args, **self._kwargs)
  File "C:\Users\JimBra
s\Downloads\Atomix\test
s\test_stm_advanced.py"
, line 71, in worker
    inc()
    self._commit()
  File "C:\Users\JimBra
s\Downloads\Atomix\test
s\test_stm_advanced.py"
, line 71, in worker
    with transaction(ti
meout=timeout, max_retr
ies=max_retries):
    inc()
  File "C:\Users\JimBra
s\Downloads\Atomix\Atom
ix.py", line 2528, in w
rapper
    with transaction(ti
meout=timeout, max_retr
ies=max_retries):
  File "C:\Users\JimBra
s\Downloads\Atomix\test
s\test_stm_advanced.py"
, line 71, in worker
  File "C:\Users\JimBra
s\Downloads\Atomix\Atom
ix.py", line 2528, in w
rapper
  File "C:\Users\JimBra
s\Downloads\Atomix\Atom
ix.py", line 1192, in _
commit
    next(self.gen)
  File "C:\Users\JimBra
s\Downloads\Atomix\Atom
ix.py", line 2483, in t
ransaction
    inc()
  File "C:\Users\JimBra
s\AppData\Local\Program
s\Python\Python310\lib\
contextlib.py", line 14
2, in __exit__
    inc()
  File "C:\Users\JimBra
s\Downloads\Atomix\Atom
ix.py", line 2528, in w
rapper
  File "C:\Users\JimBra
s\Downloads\Atomix\Atom
ix.py", line 1299, in _
_exit__
  File "C:\Users\JimBra
s\Downloads\Atomix\Atom
ix.py", line 2528, in w
rapper
    self._target(*self.
_args, **self._kwargs)
    next(self.gen)
  File "C:\Users\JimBra
s\Downloads\Atomix\Atom
ix.py", line 2483, in t
ransaction
    next(self.gen)
    self._target(*self.
_args, **self._kwargs)
    inc()
    with transaction(ti
meout=timeout, max_retr
ies=max_retries):
  File "C:\Users\JimBra
s\AppData\Local\Program
s\Python\Python310\lib\
contextlib.py", line 14
2, in __exit__
  File "C:\Users\JimBra
s\AppData\Local\Program
s\Python\Python310\lib\
contextlib.py", line 14
2, in __exit__
    with tx:
    next(self.gen)
  File "C:\Users\JimBra
s\Downloads\Atomix\Atom
ix.py", line 2483, in t
ransaction
    with transaction(ti
meout=timeout, max_retr
ies=max_retries):
    inc()
  File "C:\Users\JimBra
s\Downloads\Atomix\Atom
ix.py", line 2528, in w
rapper
    with transaction(ti
meout=timeout, max_retr
ies=max_retries):
  File "C:\Users\JimBra
s\Downloads\Atomix\Atom
ix.py", line 1299, in _
_exit__
  File "C:\Users\JimBra
s\AppData\Local\Program
s\Python\Python310\lib\
contextlib.py", line 14
2, in __exit__
  File "C:\Users\JimBra
s\Downloads\Atomix\Atom
ix.py", line 2483, in t
ransaction
  File "C:\Users\JimBra
s\Downloads\Atomix\Atom
ix.py", line 2528, in w
rapper
  File "C:\Users\JimBra
s\Downloads\Atomix\test
s\test_stm_advanced.py"
, line 71, in worker
  File "C:\Users\JimBra
s\Downloads\Atomix\Atom
ix.py", line 2528, in w
rapper
  File "C:\Users\JimBra
s\Downloads\Atomix\test
s\test_stm_advanced.py"
, line 71, in worker
    raise CommitExcepti
on(f"Dangling reference
 detected: {ref_id}")
    next(self.gen)
  File "C:\Users\JimBra
s\Downloads\Atomix\Atom
ix.py", line 2483, in t
ransaction
    self._commit()
  File "C:\Users\JimBra
s\Downloads\Atomix\Atom
ix.py", line 1192, in _
commit
    self._commit()
  File "C:\Users\JimBra
s\Downloads\Atomix\Atom
ix.py", line 1192, in _
commit
  File "C:\Users\JimBra
s\AppData\Local\Program
s\Python\Python310\lib\
contextlib.py", line 14
2, in __exit__
    with tx:
  File "C:\Users\JimBra
s\Downloads\Atomix\Atom
ix.py", line 1299, in _
_exit__
    inc()
    inc()
  File "C:\Users\JimBra
s\Downloads\Atomix\Atom
ix.py", line 2528, in w
rapper
    with transaction(ti
meout=timeout, max_retr
ies=max_retries):
    with transaction(ti
meout=timeout, max_retr
ies=max_retries):
  File "C:\Users\JimBra
s\AppData\Local\Program
s\Python\Python310\lib\
contextlib.py", line 14
2, in __exit__
    with transaction(ti
meout=timeout, max_retr
ies=max_retries):
  File "C:\Users\JimBra
s\AppData\Local\Program
s\Python\Python310\lib\
contextlib.py", line 14
2, in __exit__
    next(self.gen)
    with transaction(ti
meout=timeout, max_retr
ies=max_retries):
  File "C:\Users\JimBra
s\AppData\Local\Program
s\Python\Python310\lib\
contextlib.py", line 14
2, in __exit__
  File "C:\Users\JimBra
s\AppData\Local\Program
s\Python\Python310\lib\
contextlib.py", line 14
2, in __exit__
    raise CommitExcepti
on(f"Dangling reference
 detected: {ref_id}")
    with tx:
    with tx:
  File "C:\Users\JimBra
s\Downloads\Atomix\Atom
ix.py", line 1299, in _
_exit__
  File "C:\Users\JimBra
s\Downloads\Atomix\Atom
ix.py", line 2483, in t
ransaction
    next(self.gen)
  File "C:\Users\JimBra
s\Downloads\Atomix\Atom
ix.py", line 2528, in w
rapper
    next(self.gen)
  File "C:\Users\JimBra
s\Downloads\Atomix\Atom
ix.py", line 2483, in t
ransaction
    next(self.gen)
    with tx:
    with transaction(ti
meout=timeout, max_retr
ies=max_retries):
  File "C:\Users\JimBra
s\AppData\Local\Program
s\Python\Python310\lib\
contextlib.py", line 14
2, in __exit__
    next(self.gen)
  File "C:\Users\JimBra
s\Downloads\Atomix\Atom
ix.py", line 2483, in t
ransaction
    self._commit()
  File "C:\Users\JimBra
s\Downloads\Atomix\Atom
ix.py", line 1192, in _
commit
    next(self.gen)
Atomix.CommitException:
 Dangling reference det
ected: 9
    with transaction(ti
meout=timeout, max_retr
ies=max_retries):
  File "C:\Users\JimBra
s\AppData\Local\Program
s\Python\Python310\lib\
contextlib.py", line 14
2, in __exit__
  File "C:\Users\JimBra
s\Downloads\Atomix\Atom
ix.py", line 2483, in t
ransaction
  File "C:\Users\JimBra
s\Downloads\Atomix\Atom
ix.py", line 2483, in t
ransaction
    with tx:
Atomix.CommitException:
 Dangling reference det
ected: 9
    next(self.gen)
  File "C:\Users\JimBra
s\Downloads\Atomix\Atom
ix.py", line 2483, in t
ransaction
    next(self.gen)
    with transaction(ti
meout=timeout, max_retr
ies=max_retries):
    raise CommitExcepti
on(f"Dangling reference
 detected: {ref_id}")
  File "C:\Users\JimBra
s\Downloads\Atomix\Atom
ix.py", line 1299, in _
_exit__
    next(self.gen)
  File "C:\Users\JimBra
s\Downloads\Atomix\Atom
ix.py", line 2483, in t
ransaction
    with tx:
  File "C:\Users\JimBra
s\Downloads\Atomix\Atom
ix.py", line 1299, in _
_exit__
    self._commit()
    with transaction(ti
meout=timeout, max_retr
ies=max_retries):
  File "C:\Users\JimBra
s\AppData\Local\Program
s\Python\Python310\lib\
contextlib.py", line 14
2, in __exit__
  File "C:\Users\JimBra
s\AppData\Local\Program
s\Python\Python310\lib\
contextlib.py", line 14
2, in __exit__
Atomix.CommitException:
 Dangling reference det
ected: 9
    with tx:
  File "C:\Users\JimBra
s\Downloads\Atomix\Atom
ix.py", line 1299, in _
_exit__
    self._commit()
  File "C:\Users\JimBra
s\Downloads\Atomix\Atom
ix.py", line 1192, in _
commit
    next(self.gen)
  File "C:\Users\JimBra
s\Downloads\Atomix\Atom
ix.py", line 1299, in _
_exit__
    with tx:
    next(self.gen)
  File "C:\Users\JimBra
s\Downloads\Atomix\Atom
ix.py", line 2483, in t
ransaction
  File "C:\Users\JimBra
s\Downloads\Atomix\Atom
ix.py", line 1192, in _
commit
    with tx:
    with tx:
  File "C:\Users\JimBra
s\Downloads\Atomix\Atom
ix.py", line 1299, in _
_exit__
  File "C:\Users\JimBra
s\Downloads\Atomix\Atom
ix.py", line 2483, in t
ransaction
  File "C:\Users\JimBra
s\Downloads\Atomix\Atom
ix.py", line 2483, in t
ransaction
    with tx:
    next(self.gen)
  File "C:\Users\JimBra
s\Downloads\Atomix\Atom
ix.py", line 2483, in t
ransaction
  File "C:\Users\JimBra
s\Downloads\Atomix\Atom
ix.py", line 1299, in _
_exit__
  File "C:\Users\JimBra
s\Downloads\Atomix\Atom
ix.py", line 2483, in t
ransaction
    with tx:
  File "C:\Users\JimBra
s\Downloads\Atomix\Atom
ix.py", line 1299, in _
_exit__
    self._commit()
    raise CommitExcepti
on(f"Dangling reference
 detected: {ref_id}")
  File "C:\Users\JimBra
s\Downloads\Atomix\Atom
ix.py", line 1299, in _
_exit__
    self._commit()
  File "C:\Users\JimBra
s\Downloads\Atomix\Atom
ix.py", line 1192, in _
commit
  File "C:\Users\JimBra
s\Downloads\Atomix\Atom
ix.py", line 1299, in _
_exit__
    raise CommitExcepti
on(f"Dangling reference
 detected: {ref_id}")
Atomix.CommitException:
 Dangling reference det
ected: 9
  File "C:\Users\JimBra
s\Downloads\Atomix\Atom
ix.py", line 1299, in _
_exit__
Atomix.CommitException:
 Dangling reference det
ected: 9
    self._commit()
  File "C:\Users\JimBra
s\Downloads\Atomix\Atom
ix.py", line 1192, in _
commit
    self._commit()
  File "C:\Users\JimBra
s\Downloads\Atomix\Atom
ix.py", line 1192, in _
commit
    with tx:
    with tx:
  File "C:\Users\JimBra
s\Downloads\Atomix\Atom
ix.py", line 1299, in _
_exit__
    with tx:
    with tx:
  File "C:\Users\JimBra
s\Downloads\Atomix\Atom
ix.py", line 1299, in _
_exit__
    self._commit()
  File "C:\Users\JimBra
s\Downloads\Atomix\Atom
ix.py", line 1192, in _
commit
    self._commit()
  File "C:\Users\JimBra
s\Downloads\Atomix\Atom
ix.py", line 1192, in _
commit
  File "C:\Users\JimBra
s\Downloads\Atomix\Atom
ix.py", line 1299, in _
_exit__
  File "C:\Users\JimBra
s\Downloads\Atomix\Atom
ix.py", line 1299, in _
_exit__
    self._commit()
  File "C:\Users\JimBra
s\Downloads\Atomix\Atom
ix.py", line 1192, in _
commit
    self._commit()
  File "C:\Users\JimBra
s\Downloads\Atomix\Atom
ix.py", line 1192, in _
commit
    self._commit()
  File "C:\Users\JimBra
s\Downloads\Atomix\Atom
ix.py", line 1192, in _
commit
    with tx:
    raise CommitExcepti
on(f"Dangling reference
 detected: {ref_id}")
    self._commit()
  File "C:\Users\JimBra
s\Downloads\Atomix\Atom
ix.py", line 1192, in _
commit
    self._commit()
  File "C:\Users\JimBra
s\Downloads\Atomix\Atom
ix.py", line 1192, in _
commit
  File "C:\Users\JimBra
s\Downloads\Atomix\Atom
ix.py", line 1299, in _
_exit__
Atomix.CommitException:
 Dangling reference det
ected: 9
    raise CommitExcepti
on(f"Dangling reference
 detected: {ref_id}")
Atomix.CommitException:
 Dangling reference det
ected: 9
    raise CommitExcepti
on(f"Dangling reference
 detected: {ref_id}")
    raise CommitExcepti
on(f"Dangling reference
 detected: {ref_id}")
    raise CommitExcepti
on(f"Dangling reference
 detected: {ref_id}")
    self._commit()
Atomix.CommitException:
 Dangling reference det
ected: 9
Atomix.CommitException:
 Dangling reference det
ected: 9
Atomix.CommitException:
 Dangling reference det
ected: 9
    raise CommitExcepti
on(f"Dangling reference
 detected: {ref_id}")
    self._commit()
  File "C:\Users\JimBra
s\Downloads\Atomix\Atom
ix.py", line 1192, in _
commit
    raise CommitExcepti
on(f"Dangling reference
 detected: {ref_id}")
    raise CommitExcepti
on(f"Dangling reference
 detected: {ref_id}")
  File "C:\Users\JimBra
s\Downloads\Atomix\Atom
ix.py", line 1192, in _
commit
    self._commit()
  File "C:\Users\JimBra
s\Downloads\Atomix\Atom
ix.py", line 1192, in _
commit
  File "C:\Users\JimBra
s\Downloads\Atomix\Atom
ix.py", line 1192, in _
commit
Atomix.CommitException:
 Dangling reference det
ected: 9
Atomix.CommitException:
 Dangling reference det
ected: 9
    raise CommitExcepti
on(f"Dangling reference
 detected: {ref_id}")
Atomix.CommitException:
 Dangling reference det
ected: 9
Atomix.CommitException:
 Dangling reference det
ected: 9
    raise CommitExcepti
on(f"Dangling reference
 detected: {ref_id}")
    raise CommitExcepti
on(f"Dangling reference
 detected: {ref_id}")
Atomix.CommitException:
 Dangling reference det
ected: 9
    raise CommitExcepti
on(f"Dangling reference
 detected: {ref_id}")
    raise CommitExcepti
on(f"Dangling reference
 detected: {ref_id}")
    raise CommitExcepti
on(f"Dangling reference
 detected: {ref_id}")
Atomix.CommitException:
 Dangling reference det
ected: 9
Atomix.CommitException:
 Dangling reference det
ected: 9
Atomix.CommitException:
 Dangling reference det
ected: 9
Atomix.CommitException:
 Dangling reference det
ected: 9
    raise CommitExcepti
on(f"Dangling reference
 detected: {ref_id}")
Atomix.CommitException:
 Dangling reference det
ected: 9
ERROR
test_nested_transaction
s (test_stm_advanced.Te
stSTMAvanced)
Verify that nested tran
sactions flatten correc
tly. ... ERROR
test_transaction_idempo
tency_on_retry (test_st
m_advanced.TestSTMAvanc
ed)
Ensure side effects ins
ide transactions don't 
double-apply on conflic
t. ... Exception in thr
ead Thread-26 (tx_with_
side_effect):
Traceback (most recent 
call last):
  File "C:\Users\JimBra
s\AppData\Local\Program
s\Python\Python310\lib\
threading.py", line 101
6, in _bootstrap_inner
    self.run()
  File "C:\Users\JimBra
s\AppData\Local\Program
s\Python\Python310\lib\
threading.py", line 953
, in run
    self._target(*self.
_args, **self._kwargs)
  File "C:\Users\JimBra
s\Downloads\Atomix\Atom
ix.py", line 2528, in w
rapper
    with transaction(ti
meout=timeout, max_retr
ies=max_retries):
  File "C:\Users\JimBra
s\AppData\Local\Program
s\Python\Python310\lib\
contextlib.py", line 14
2, in __exit__
    next(self.gen)
  File "C:\Users\JimBra
s\Downloads\Atomix\Atom
ix.py", line 2483, in t
ransaction
    with tx:
  File "C:\Users\JimBra
s\Downloads\Atomix\Atom
ix.py", line 1299, in _
_exit__
    self._commit()
  File "C:\Users\JimBra
s\Downloads\Atomix\Atom
ix.py", line 1192, in _
commit
    raise CommitExcepti
on(f"Dangling reference
 detected: {ref_id}")
Atomix.CommitException:
 Dangling reference det
ected: 15
FAIL

=======================
=======================
=======================
=
ERROR: test_deep_evalua
tion (unittest.loader._
FailedTest)
-----------------------
-----------------------
-----------------------
-
ImportError: Failed to 
import test module: tes
t_deep_evaluation
Traceback (most recent 
call last):
  File "C:\Users\JimBra
s\AppData\Local\Program
s\Python\Python310\lib\
unittest\loader.py", li
ne 436, in _find_test_p
ath
    module = self._get_
module_from_name(name)
  File "C:\Users\JimBra
s\AppData\Local\Program
s\Python\Python310\lib\
unittest\loader.py", li
ne 377, in _get_module_
from_name
    __import__(name)
  File "C:\Users\JimBra
s\Downloads\Atomix\test
s\test_deep_evaluation.
py", line 12, in <modul
e>
    from atomix_stm imp
ort (
ImportError: cannot imp
ort name 'transactional
' from 'Atomix' (C:\Use
rs\JimBras\Downloads\At
omix\Atomix.py)


=======================
=======================
=======================
=
ERROR: test_basic_trans
action (test_stm.TestAt
omixSTM)
-----------------------
-----------------------
-----------------------
-
Traceback (most recent 
call last):
  File "C:\Users\JimBra
s\Downloads\Atomix\test
s\test_stm.py", line 11
, in test_basic_transac
tion
    self.assertEqual(r.
value, 15)
  File "C:\Users\JimBra
s\Downloads\Atomix\Atom
ix.py", line 1565, in v
alue
    return self.deref()
  File "C:\Users\JimBra
s\Downloads\Atomix\Atom
ix.py", line 1472, in d
eref
    raise STMException(
"deref() requires activ
e transaction")
Atomix.STMException: de
ref() requires active t
ransaction

=======================
=======================
=======================
=
ERROR: test_conflict_re
solution (test_stm.Test
AtomixSTM)
-----------------------
-----------------------
-----------------------
-
Traceback (most recent 
call last):
  File "C:\Users\JimBra
s\Downloads\Atomix\test
s\test_stm.py", line 40
, in test_conflict_reso
lution
    self.assertEqual(r.
value, 170)
  File "C:\Users\JimBra
s\Downloads\Atomix\Atom
ix.py", line 1565, in v
alue
    return self.deref()
  File "C:\Users\JimBra
s\Downloads\Atomix\Atom
ix.py", line 1472, in d
eref
    raise STMException(
"deref() requires activ
e transaction")
Atomix.STMException: de
ref() requires active t
ransaction

=======================
=======================
=======================
=
ERROR: test_persistent_
vector_bloat_fix (test_
stm.TestAtomixSTM)
-----------------------
-----------------------
-----------------------
-
Traceback (most recent 
call last):
  File "C:\Users\JimBra
s\Downloads\Atomix\test
s\test_stm.py", line 43
, in test_persistent_ve
ctor_bloat_fix
    v = PersistentVecto
r.empty()
AttributeError: type ob
ject 'PersistentVector'
 has no attribute 'empt
y'

=======================
=======================
=======================
=
ERROR: test_queue_retry
 (test_stm.TestAtomixST
M)
-----------------------
-----------------------
-----------------------
-
Traceback (most recent 
call last):
  File "C:\Users\JimBra
s\Downloads\Atomix\test
s\test_stm.py", line 73
, in test_queue_retry
    self.assertEqual(re
s[0], "hello")
IndexError: list index 
out of range

=======================
=======================
=======================
=
ERROR: test_aba_prevent
ion (test_stm_advanced.
TestSTMAvanced)
Verify that ABA-style c
hanges during a transac
tion cause a retry.
-----------------------
-----------------------
-----------------------
-
Traceback (most recent 
call last):
  File "C:\Users\JimBra
s\Downloads\Atomix\test
s\test_stm_advanced.py"
, line 57, in test_aba_
prevention
    self.assertEqual(r.
value, 101)
  File "C:\Users\JimBra
s\Downloads\Atomix\Atom
ix.py", line 1565, in v
alue
    return self.deref()
  File "C:\Users\JimBra
s\Downloads\Atomix\Atom
ix.py", line 1472, in d
eref
    raise STMException(
"deref() requires activ
e transaction")
Atomix.STMException: de
ref() requires active t
ransaction

=======================
=======================
=======================
=
ERROR: test_high_conten
tion_stress (test_stm_a
dvanced.TestSTMAvanced)
Stress test with 20 thr
eads hitting a single R
ef.
-----------------------
-----------------------
-----------------------
-
Traceback (most recent 
call last):
  File "C:\Users\JimBra
s\Downloads\Atomix\test
s\test_stm_advanced.py"
, line 77, in test_high
_contention_stress
    self.assertEqual(r.
value, num_threads * op
s_per_thread)
  File "C:\Users\JimBra
s\Downloads\Atomix\Atom
ix.py", line 1565, in v
alue
    return self.deref()
  File "C:\Users\JimBra
s\Downloads\Atomix\Atom
ix.py", line 1472, in d
eref
    raise STMException(
"deref() requires activ
e transaction")
Atomix.STMException: de
ref() requires active t
ransaction

=======================
=======================
=======================
=
ERROR: test_nested_tran
sactions (test_stm_adva
nced.TestSTMAvanced)
Verify that nested tran
sactions flatten correc
tly.
-----------------------
-----------------------
-----------------------
-
Traceback (most recent 
call last):
  File "C:\Users\JimBra
s\Downloads\Atomix\test
s\test_stm_advanced.py"
, line 22, in test_nest
ed_transactions
    outer()
  File "C:\Users\JimBra
s\Downloads\Atomix\Atom
ix.py", line 2529, in w
rapper
    return func(*args, 
**kwargs)
  File "C:\Users\JimBra
s\Downloads\Atomix\test
s\test_stm_advanced.py"
, line 20, in outer
    inner()
  File "C:\Users\JimBra
s\Downloads\Atomix\Atom
ix.py", line 2528, in w
rapper
    with transaction(ti
meout=timeout, max_retr
ies=max_retries):
  File "C:\Users\JimBra
s\AppData\Local\Program
s\Python\Python310\lib\
contextlib.py", line 14
2, in __exit__
    next(self.gen)
  File "C:\Users\JimBra
s\Downloads\Atomix\Atom
ix.py", line 2483, in t
ransaction
    with tx:
  File "C:\Users\JimBra
s\Downloads\Atomix\Atom
ix.py", line 1299, in _
_exit__
    self._commit()
  File "C:\Users\JimBra
s\Downloads\Atomix\Atom
ix.py", line 1192, in _
commit
    raise CommitExcepti
on(f"Dangling reference
 detected: {ref_id}")
Atomix.CommitException:
 Dangling reference det
ected: 13

=======================
=======================
=======================
=
FAIL: test_transaction_
idempotency_on_retry (t
est_stm_advanced.TestST
MAvanced)
Ensure side effects ins
ide transactions don't 
double-apply on conflic
t.
-----------------------
-----------------------
-----------------------
-
Traceback (most recent 
call last):
  File "C:\Users\JimBra
s\Downloads\Atomix\test
s\test_stm_advanced.py"
, line 105, in test_tra
nsaction_idempotency_on
_retry
    self.assertTrue(sid
e_effect_count[0] >= 2)
AssertionError: False i
s not true

-----------------------
-----------------------
-----------------------
-
Ran 9 tests in 0.654s

FAILED (failures=1, err
ors=8)
[2026-03-03 18:41:17,53
1] Atomix [INFO] STM Re
aper stopped
[2026-03-03 18:41:17,53
1] Atomix [INFO] STM cl
eanup complete
